------------------------------------------------------------
TimeQuest Timing Analyzer Summary
------------------------------------------------------------

Type  : Slow 1100mV 85C Model Setup 'clock'
Slack : -0.446
TNS   : -1.969

Type  : Slow 1100mV 85C Model Hold 'clock'
Slack : 0.376
TNS   : 0.000

Type  : Slow 1100mV 85C Model Minimum Pulse Width 'clock'
Slack : -0.394
TNS   : -4.192

Type  : Slow 1100mV 0C Model Setup 'clock'
Slack : -0.443
TNS   : -2.137

Type  : Slow 1100mV 0C Model Hold 'clock'
Slack : 0.391
TNS   : 0.000

Type  : Slow 1100mV 0C Model Minimum Pulse Width 'clock'
Slack : -0.394
TNS   : -4.573

Type  : Fast 1100mV 85C Model Setup 'clock'
Slack : 0.136
TNS   : 0.000

Type  : Fast 1100mV 85C Model Hold 'clock'
Slack : 0.181
TNS   : 0.000

Type  : Fast 1100mV 85C Model Minimum Pulse Width 'clock'
Slack : -0.080
TNS   : -0.634

Type  : Fast 1100mV 0C Model Setup 'clock'
Slack : 0.183
TNS   : 0.000

Type  : Fast 1100mV 0C Model Hold 'clock'
Slack : 0.174
TNS   : 0.000

Type  : Fast 1100mV 0C Model Minimum Pulse Width 'clock'
Slack : -0.081
TNS   : -0.638

------------------------------------------------------------
